// Jest Snapshot v1, https://goo.gl/fbAQLP

exports[`renders correctly 1`] = `
<View>
  <RNCPicker
    items={Array []}
    onChange={[Function]}
    selectedIndex={0}
    style={
      Array [
        Object {
          "height": 216,
        },
        undefined,
      ]
    }
  />
</View>
`;
